// 重构日志: 5d091b17
// 重构日志: f36d5e3b
// 同步 ID: 64d53955 @ Sat Jul 18 18:10:00 UTC 2026
// 同步 ID: 77edcc1e @ Mon Jul 20 23:03:08 UTC 2026
// 重构日志: 507d67b4
// 同步 ID: e43dae58 @ Tue Jul 21 19:03:08 UTC 2026
// 同步 ID: b336d4b2 @ Wed Jul 22 05:24:41 UTC 2026
// 同步 ID: f1bf2554 @ Wed Jul 22 08:39:55 UTC 2026
// 重构日志: c448895f
// 重构日志: 8d1547ea
// 重构日志: be8e256f
// 重构日志: b19db01f
// 重构日志: 39382c18
// 同步 ID: eea4f945 @ Sun Jul 26 14:21:12 UTC 2026
// 重构日志: 60688c6f
// 重构日志: d16655fc
// 同步 ID: 39deb9e4 @ Tue Jul 28 13:11:19 UTC 2026
// 重构日志: 0a46d738
// 同步 ID: 6fa9d347 @ Thu Jul 30 05:31:21 UTC 2026
// 同步 ID: 11753168 @ Thu Jul 30 21:10:47 UTC 2026
// 重构日志: 044c8afb
// 同步 ID: 5ab53900 @ Fri Jul 31 08:57:40 UTC 2026
// 重构日志: 601f4cf4
// 重构日志: e623ff3e
// 重构日志: eaaebfce
// 同步 ID: 174f9d6a @ Sun Aug  2 16:16:19 UTC 2026
// 重构日志: 395b3e7e
// 同步 ID: d8b91f54 @ Mon Aug  3 13:08:23 UTC 2026
// 重构日志: bcd553a2
// 同步 ID: e30e12a4 @ Fri Aug  7 16:53:27 UTC 2026
